ruff — enforced (full select)....................................................................................Passed
ruff — format check (advisory)...................................................................................Passed
- hook id: ruff-format-gate
- duration: 0.25s

32 files already formatted

pyrefly — types (strict, enforced)...............................................................................Passed
vulture — dead code (conf>=80)...................................................................................Passed
import-linter — directional layers...............................................................................Passed
architecture fitness (graph.py --assert).........................................................................Passed
ast-grep — module shape..........................................................................................Passed
class-shape — namespace-state (advisory).........................................................................Passed
class-shape — LCOM4 cohesion (advisory)..........................................................................Passed
class-shape — data clumps (advisory).............................................................................Passed
magic-literals — advisory (recurring literal / repeated key-set report)..........................................Passed
complexity — advisory (radon CC ranking; ruff C901 is the fixed gate)............................................Passed
composition cycles — enforced (no mutually-owning classes).......................................................Passed
feature envy — enforced (a method that belongs on another class).................................................Passed
forbidden-use contracts — enforced (directional rules over the typed arrows).....................................Passed
law of demeter — enforced (no calling through a field into a stranger)...........................................Passed
property purity — enforced (a @property must not assign to self).................................................Passed
test mirror — enforced (every public method has a test_<method> that calls it and asserts).......................Passed
unit test size — enforced (no external data, network, sleep, or unseeded RNG)....................................Passed
class arrows — advisory (inherits / holds / references; the import edge decomposed by WHY).......................Passed
call arrows — advisory (calls reach the CONTRACT, construct reaches the CONCRETE)................................Passed
shape-contracts — enforced (array/tensor boundaries need a jaxtyping shape; vip.4)...............................Passed
[main f8f207a] feat(data): validation folds stratified by acquisition, not held out by it
 5 files changed, 308 insertions(+), 2 deletions(-)
 create mode 100644 core/data/split.py
 create mode 100644 tests/e2e/dataset_facts.py
 create mode 100644 tests/unit/core/data/split.py
